<meta name="syntaxhighlighter.brushes" content='[["applescript","./lib/scripts/shBrushAppleScript.js"],["actionscript3","as3","./lib/scripts/shBrushAS3.js"],["bash","shell","./lib/scripts/shBrushBash.js"],["coldfusion","cf","./lib/scripts/shBrushColdFusion.js"],["cpp","c","./lib/scripts/shBrushCpp.js"],["c#","c-sharp","csharp","./lib/scripts/shBrushCSharp.js"],["css","./lib/scripts/shBrushCss.js"],["delphi","pascal","pas","./lib/scripts/shBrushDelphi.js"],["diff","./lib/scripts/shBrushDiff.js"],["patch","./lib/scripts/shBrushPatch.js"],["erl","erlang","./lib/scripts/shBrushErlang.js"],["groovy","./lib/scripts/shBrushGroovy.js"],["java","./lib/scripts/shBrushJava.js"],["jfx","javafx","./lib/scripts/shBrushJavaFX.js"],["js","jscript","javascript","./lib/scripts/shBrushJScript.js"],["perl","pl","./lib/scripts/shBrushPerl.js"],["php","./lib/scripts/shBrushPhp.js"],["powershell","./lib/scripts/shBrushPowershell.js"],["text","plain","./lib/scripts/shBrushPlain.js"],["py","python","./lib/scripts/shBrushPython.js"],["ruby","rails","ror","rb","./lib/scripts/shBrushRuby.js"],["sass","scss","./lib/scripts/shBrushSass.js"],["scala","./lib/scripts/shBrushScala.js"],["sql","./lib/scripts/shBrushSql.js"],["vb","vbnet","./lib/scripts/shBrushVb.js"],["xml","xhtml","xslt","html","./lib/scripts/shBrushXml.js"]]'>
<meta name="syntaxhighlighter.config" content='{"auto-links":true,"class-name":"","collapse":false,"first-line":1,"gutter":true,"highlight":null,"html-script":false,"smart-tabs":true,"tab-size":4,"toolbar":true}'>
<script type="text/javascript" src="./lib/scripts/shCore.js"></script>
<script type="text/javascript" src="./lib/scripts/shAutoloader.js"></script>
<script type="text/javascript" src="./lib/scripts/shBrushXml.js"></script>
<link rel="stylesheet" href="./lib/styles/shCoreDefault.css" type="text/css">
<link rel="stylesheet" href="./lib/styles/shThemeDefault.css" type="text/css">
<meta name="syntaxhighlighter.strings" content='{"expandSource":"+ expand source","help":"?","alert":"SyntaxHighlighter\n\n","noBrush":"Can\u0027t find brush for:","brushNotHtmlScript":"Brush wasn\u0027t made for html-script option:"}'>
<script type="text/javascript" src="./syntaxhighlighter.min.js"></script>
