
<h1>Syntaxhighlighter 1.1-dev</h1>
<div class="syntaxhighlighter_syscheck">
  <h2>System check</h2>
  <p class="xh_fail">Checking that PHP version ≥ 7.1.0 … failure</p>
  <p class="xh_fail">Checking that the PHP extension 'json' is loaded … failure</p>
  <p class="xh_fail">Checking that CMSimple_XH version ≥ 1.7.0 … failure</p>
  <p class="xh_warning">Checking that './config/' is writable … warning</p>
  <p class="xh_warning">Checking that './css/' is writable … warning</p>
  <p class="xh_warning">Checking that './languages/' is writable … warning</p>
</div>
